
- NASM Map file ---------------------------------------------------------------

Source file:  ./BASIC.ASM
Output file:  ./bin/BASIC.COM

-- Program origin -------------------------------------------------------------

00000000

-- Sections (summary) ---------------------------------------------------------

Vstart            Start             Stop              Length    Class     Name
               0                 0              1728  00001728  progbits  .text
            2630              1728              1728  00000000  progbits  programArea
            1730              1730              2626  00000EF6  nobits    dSeg

-- Sections (detailed) --------------------------------------------------------

---- Section .text ------------------------------------------------------------

class:     progbits
length:                1728
start:                    0
align:                    1
follows:   not defined
vstart:                   0
valign:                   1
vfollows:  not defined

---- Section programArea ------------------------------------------------------

class:     progbits
length:                   0
start:                 1728
align:                    1
follows:   not defined
vstart:                2630
valign:                  10
vfollows:  dSeg

---- Section dSeg -------------------------------------------------------------

class:     nobits
length:                 EF6
start:                 1730
align:     not defined
follows:   not defined
vstart:                1730
valign:                  10
vfollows:  .text

-- Symbols --------------------------------------------------------------------

---- No Section ---------------------------------------------------------------

Value     Name
0000000D  CR
0000000A  LF
00000008  BSP
00000020  SPC
00000000  progLineBlockType
00000001  varBlockType
00000002  datBlockType
00000074  notLastMemBlock
00000072  lastMemBlock
00000100  maxLineLen
00000000  memBlock
00000000  memBlock.bSignature
00000001  memBlock.wBlockSize
00000003  memBlock.bBlockType
00000004  memBlock_size
00000000  progLineBlock
00000000  progLineBlock.bSignature
00000001  progLineBlock.wBlockSize
00000003  progLineBlock.bBlockType
00000004  progLineBlock.wLineNum
00000006  progLineBlock.qPtr
0000000E  progLineBlock.sLine
0000010E  progLineBlock_size
00000000  varBlock
00000000  varBlock.bSignature
00000001  varBlock.wBlockSize
00000003  varBlock.bBlockType
00000004  varBlock.qValue
0000000C  varBlock.sVarName
0000000C  varBlock_size
00000000  stringBlock
00000000  stringBlock.bSignature
00000001  stringBlock.wBlockSize
00000003  stringBlock.bBlockType
00000004  stringBlock.string
00000104  stringBlock.sVarName
00000104  stringBlock_size
00000000  intEquate
00000001  strEquate
00000001  breakBit
00000002  traceBit
00000004  indirectBit
00000008  ctrlFlow
00000055  WHILEsig
0000005A  FORsig
000000A5  GOSUBsig
00000000  forStruct
00000000  forStruct.specQword
00000008  forStruct.cntrPtr
00000010  forStruct.limitValue
00000018  forStruct.stepValue
00000020  forStruct_size
00000000  whileStruct
00000000  whileStruct.specQword
00000008  whileStruct_size
00000000  gosubStruct
00000000  gosubStruct.specQword
00000008  gosubStruct_size
00000026  numVarChars
00000030  digitStringLen


---- Section .text ------------------------------------------------------------

Real              Virtual           Name
               0                 0  start
              76                76  mainLoop
              A7                A7  mainLoop.ml0
              C9                C9  mainLoop.saveLine
              F7                F7  mainLoop.commonProc
             111               111  mainLoop.lineDoesntExist
             118               118  criticalError
             129               129  ctrlBreakHandler
             132               132  setHandler
             137               137  getLineInput
             156               156  getLineInput.getChar
             17A               17A  getLineInput.gspchMk
             17E               17E  getLineInput.glibspace
             1A7               1A7  getLineInput.gliCheckCase
             1B6               1B6  getLineInput.gStore
             1BF               1BF  getLineInput.gliExtendedChar
             1C1               1C1  getLineInput.gliExit
             1D1               1D1  getLineInput.gliFull
             1DD               1DD  ucChar
             1E9               1E9  ttyOutChar
             1F5               1F5  ttyOutString
             217               217  ttyIn
             21F               21F  ttyClear
             232               232  ttyClear.s
             237               237  keywordParser
             248               248  keywordParser.functionFinderLoop
             26C               26C  keywordParser.functionFound
             284               284  keywordParser.exit
             285               285  keywordParser.exitEmpty
             290               290  keywordParser.notLetVarAssignment
             299               299  runLine
             2A6               2A6  runLine.stringPortionProcess
             2EB               2EB  runLine.gotoNextLine
             315               315  runLine.gotoNextLineCommon
             321               321  runLine.exit
             322               322  runLine.ctrlFlowHandler
             34A               34A  runLine.badLineNumber
             356               356  runLine.tron
             382               382  runLine.break
             3B2               3B2  spaceSkip
             3BC               3BC  spaceSkip.exit
             3BD               3BD  getVarNameLength
             3CB               3CB  getVarNameLength.search
             3E2               3E2  getVarNameLength.exit
             3EA               3EA  getVarType
             401               401  getVarType.exit
             405               405  handleAlgebraicExpression
             41D               41D  handleAlgebraicExpression.handleFourthLevel
             422               422  handleAlgebraicExpression.parseLogicals
             47D               47D  handleAlgebraicExpression.rightShift
             48E               48E  handleAlgebraicExpression.leftShift
             49F               49F  handleAlgebraicExpression.rightRoll
             4B0               4B0  handleAlgebraicExpression.leftRoll
             4C1               4C1  handleAlgebraicExpression.imp
             4D3               4D3  handleAlgebraicExpression.not
             4E0               4E0  handleAlgebraicExpression.and
             4EF               4EF  handleAlgebraicExpression.or
             501               501  handleAlgebraicExpression.xor
             510               510  handleAlgebraicExpression.eqv
             522               522  handleAlgebraicExpression.handleThirdLevelSkip
             529               529  handleAlgebraicExpression.handleThirdLevel
             52E               52E  handleAlgebraicExpression.parseRelationals
             55B               55B  handleAlgebraicExpression.processGreater
             582               582  handleAlgebraicExpression.processLess
             5A9               5A9  handleAlgebraicExpression.processGeq
             5CD               5CD  handleAlgebraicExpression.processLeq
             5F1               5F1  handleAlgebraicExpression.processEq
             612               612  handleAlgebraicExpression.processNeq
             636               636  handleAlgebraicExpression.handleSecondLevelSkip
             639               639  handleAlgebraicExpression.handleSecondLevel
             63E               63E  handleAlgebraicExpression.parseAdditiveOperators
             652               652  handleAlgebraicExpression.processAdd
             658               658  handleAlgebraicExpression.processMinus
             663               663  handleAlgebraicExpression.handleFirstLevelSkip
             666               666  handleAlgebraicExpression.handleFirstLevel
             66B               66B  handleAlgebraicExpression.parseProductOperators
             6A8               6A8  handleAlgebraicExpression.processMult
             6B4               6B4  handleAlgebraicExpression.processDiv
             6CC               6CC  handleAlgebraicExpression.divByZero
             6EA               6EA  handleAlgebraicExpression.exponentFound
             6FA               6FA  handleAlgebraicExpression.imulLoop
             70A               70A  handleAlgebraicExpression.handleZerothLevelSkip
             70D               70D  handleAlgebraicExpression.handleZerothLevel
             726               726  handleAlgebraicExpression.varConstCheck
             737               737  handleAlgebraicExpression.varOrRNDFound
             765               765  handleAlgebraicExpression.exit
             766               766  handleAlgebraicExpression.varFound
             77D               77D  handleAlgebraicExpression.closeBracket
             785               785  handleAlgebraicExpression.error
             791               791  handleAlgebraicExpression.stack
             79D               79D  getNumericVariable
             7BD               7BD  getNumericVariable.exit
             7C1               7C1  getNumericVariable.noVar
             7C5               7C5  getNumericVariable.stringFoundError
             7D1               7D1  setNumericVariable
             7F1               7F1  setNumericVariable.exit
             7F5               7F5  setNumericVariable.makeEditInteger
             7FC               7FC  setNumericVariable.stringFoundError
             808               808  setStringVariable
             815               815  findOtherExpressionsOnLine
             81E               81E  findOtherExpressionsOnLine.exit
             81F               81F  funTbl
             8A8               8A8  whileStr
             8C0               8C0  thenStr
             8C8               8C8  elseStr
             963               963  badCmd
             96F               96F  endProg
             974               974  tron
             97C               97C  troff
             984               984  notWrapper
             98C               98C  memRead
             98C               98C  memWrite
             98C               98C  byteRead
             98C               98C  byteWrite
             98D               98D  remark
             996               996  oldSchoolAssignemnt
             99B               99B  variableAssignment
             9DE               9DE  variableAssignment.stringAssignment
             A01               A01  variableAssignment.syntaxError
             A0D               A0D  variableAssignment.typError
             A19               A19  newProgram
             A7D               A7D  listProgram
             A84               A84  listProgram.printLines
             AB8               AB8  listProgram.exit
             AB9               AB9  runProgram
             ADE               ADE  runProgram.endProgramPoint
             AEA               AEA  printStatement
             AEA               AEA  printStatement.printStart
             B00               B00  printStatement.printExpr
             B03               B03  printStatement.printExpr1
             B14               B14  printStatement.printStringVar
             B41               B41  printStatement.stringPrint
             B59               B59  printStatement.openSpeechMark
             B5C               B5C  printStatement.psvexitColon
             B5F               B5F  printStatement.psvexit
             B6C               B6C  printStatement.closespeechmarks
             B7F               B7F  printStatement.continue
             B89               B89  getInput
             B93               B93  getInput.customPrompt
             B96               B96  getInput.cp0
             B9F               B9F  getInput.error
             BAB               BAB  getInput.printCustomPrompt
             BAE               BAE  getInput.pcp0
             BBA               BBA  getInput.stopPrompt
             BC8               BC8  getInput.defaultPrompt
             BD2               BD2  getInput.noDefaultPrompt
             C0D               C0D  getInput.handleNumeric
             C1C               C1C  getInput.handleString
             C27               C27  getInput.commonExit
             C28               C28  returnToDOS
             C2A               C2A  cls
             C2F               C2F  dbgr
             C3E               C3E  dbgr.farReturn
             C67               C67  retScan
             CA6               CA6  retScan.initialSearch
             CBB               CBB  retScan.notCandidate
             CC0               CC0  retScan.gotoNextLine
             CD3               CD3  retScan.wordFound
             CEE               CEE  retScan.csumLoop
             CFC               CFC  retScan.exit
             CFE               CFE  retScan.noRet
             D14               D14  retScan.error
             D2A               D2A  wendScan
             D69               D69  wendScan.initialSearch
             D7B               D7B  wendScan.gotoNextLine
             D8E               D8E  wendScan.wordFound
             DC0               DC0  wendScan.csumLoop
             DCE               DCE  wendScan.exit
             DD0               DD0  wendScan.noWend
             DE6               DE6  wendScan.error
             DFC               DFC  nextScan
             E3B               E3B  nextScan.initialSearch
             E4D               E4D  nextScan.gotoNextLine
             E60               E60  nextScan.wordFound
             E92               E92  nextScan.csumLoop
             EA0               EA0  nextScan.exit
             EA2               EA2  nextScan.noNext
             EB8               EB8  nextScan.error
             ECE               ECE  goto
             EE3               EE3  gosub
             F16               F16  gosub.macroNotOverflow
             F27               F27  gosub.error
             F2C               F2C  return
             F46               F46  return.checksumTest
             F6E               F6E  return.noReturn
             F7A               F7A  forLoop
             FB1               FB1  forLoop.macroNotOverflow
             FC6               FC6  forLoop.flScanTo
             FE1               FE1  forLoop.flToFound
            1011              1011  forLoop.flVariable
            1045              1045  forLoop.exit
            104D              104D  forLoop.defaultStep
            1057              1057  forLoop.dontRunFor
            1071              1071  forLoop.unknownError
            107A              107A  forLoop.syntaxError
            1081              1081  forLoop.critError
            1086              1086  next
            10A0              10A0  next.checksumTest
            10CC              10CC  next.exit
            10D4              10D4  next.noMoreLooping
            10EE              10EE  next.noForNext
            10FA              10FA  while
            112D              112D  while.macroNotOverflow
            114E              114E  while.exit
            1156              1156  while.conditionFalse
            116C              116C  while.critError
            1171              1171  wend
            118F              118F  wend.checksumTest
            11B9              11B9  wend.whileScan
            11CA              11CA  wend.scanning
            11EB              11EB  wend.exit
            11F3              11F3  wend.conditionFalse
            1209              1209  wend.error
            1215              1215  wend.noWhile
            1221              1221  handleIf
            124E              124E  handleIf.candidatethen
            1255              1255  handleIf.else
            127F              127F  handleIf.hi0
            12AC              12AC  handleIf.noElse
            12AD              12AD  handleIf.error
            12B9              12B9  decimalToHex
            12BE              12BE  decimalToHex.processDigits
            12DA              12DA  decimalToHex.exit
            12E1              12E1  printdecimalword
            1306              1306  printdecimalword.noCompliment
            1323              1323  printdecimalword.pdw0
            1333              1333  printdecimalword.pdw1
            1348              1348  printdecimalword.printString
            1357              1357  allocateBlock
            1358              1358  allocateBlock.ab0
            1389              1389  allocateBlock.exit
            138B              138B  allocateBlock.memoryFull
            1397              1397  allocateBlock.firstAllocation
            13B7              13B7  findVariable
            13CC              13CC  findVariable.search
            13D8              13D8  findVariable.invalid
            13E7              13E7  findVariable.varFound
            13F6              13F6  findVariable.datFound
            1408              1408  findVariable.varNotFound
            1412              1412  findVariable.exit
            1418              1418  findFirstLine
            1427              1427  searchForProgramLine
            1437              1437  searchForProgramLine.search
            144A              144A  searchForProgramLine.lineFound
            144B              144B  insertProgramLine
            146B              146B  insertProgramLine.walk
            147F              147F  insertProgramLine.candidate
            148E              148E  insertProgramLine.sort
            14A1              14A1  insertProgramLine.skipLink
            14AF              14AF  insertProgramLine.first
            14C1              14C1  insertProgramLine.exit
            14C7              14C7  makeEditInteger
            14DA              14DA  makeEditInteger.newVar
            1506              1506  makeEditInteger.error
            1512              1512  makeEditString
            154C              154C  makeEditString.strcopy
            1560              1560  makeEditString.error
            156C              156C  terminatedstrcpy
            156D              156D  terminatedstrcpy.copy
            157D              157D  terminatedstrcpy.exit
            157F              157F  strcpy
            1588              1588  strlen
            1597              1597  prompt
            159C              159C  mainmsg
            15B3              15B3  cpyrt
            15EF              15EF  bytemsg
            15FD              15FD  crlf
            1600              1600  errmsg
            1608              1608  numbers
            1612              1612  varChrs
            1638              1638  noMem
            1648              1648  syntax
            1657              1657  typeError
            1667              1667  lineNoXist
            167F              167F  breakmsg
            1689              1689  stkOvflw
            169A              169A  noWend
            16AF              16AF  noWhile
            16C4              16C4  noFor
            16D7              16D7  noNext
            16EA              16EA  noReturn
            1701              1701  uknowner
            1715              1715  divZer

---- Section dSeg -------------------------------------------------------------

Real              Virtual           Name
            1730              1730  oflowbuff
            1780              1780  stack
            24C0              24C0  stacktop
            24C8              24C8  inString
            25C8              25C8  digitString
            25F8              25F8  minMemAddr
            2600              2600  maxMemAddr
            2608              2608  strLen
            2609              2609  stateByte
            260A              260A  mcbChain
            2612              2612  lastBlock
            261A              261A  firstLinPtr
            2622              2622  firstLinNum
            2624              2624  currentLine

